{
  "exclude": {
    "files": ".yarn/releases|yarn.lock|packages/.*/src/testdata|^.secrets.baseline$",
    "lines": null
  },
  "generated_at": "2026-09-07T12:29:03Z",
  "plugins_used": [
    {
      "name": "AWSKeyDetector"
    },
    {
      "name": "ArtifactoryDetector"
    },
    {
      "name": "AzureStorageKeyDetector"
    },
    {
      "base64_limit": 4.5,
      "name": "Base64HighEntropyString"
    },
    {
      "name": "BasicAuthDetector"
    },
    {
      "name": "BoxDetector"
    },
    {
      "name": "CloudantDetector"
    },
    {
      "ghe_instance": "github.ibm.com",
      "name": "GheDetector"
    },
    {
      "name": "GitHubTokenDetector"
    },
    {
      "hex_limit": 3,
      "name": "HexHighEntropyString"
    },
    {
      "name": "IbmCloudIamDetector"
    },
    {
      "name": "IbmCosHmacDetector"
    },
    {
      "name": "JwtTokenDetector"
    },
    {
      "keyword_exclude": null,
      "name": "KeywordDetector"
    },
    {
      "name": "MailchimpDetector"
    },
    {
      "name": "NpmDetector"
    },
    {
      "name": "PrivateKeyDetector"
    },
    {
      "name": "SlackDetector"
    },
    {
      "name": "SoftlayerDetector"
    },
    {
      "name": "SquareOAuthDetector"
    },
    {
      "name": "StripeDetector"
    },
    {
      "name": "TwilioKeyDetector"
    }
  ],
  "results": {
    "docker/osconsole/config.bats": [
      {
        "hashed_secret": "b7e9a6e2e04ed3edbf8b4e21def4beccbb6eb6b1",
        "is_secret": false,
        "is_verified": false,
        "line_number": 54,
        "type": "Secret Keyword",
        "verified_result": null
      },
      {
        "hashed_secret": "d00b39815c187d832cef3239eb7a77580728dc47",
        "is_secret": false,
        "is_verified": false,
        "line_number": 66,
        "type": "Secret Keyword",
        "verified_result": null
      }
    ],
    "package.json": [
      {
        "hashed_secret": "d5891d090759f27e69744f25cd20c18b364112ca",
        "is_secret": false,
        "is_verified": false,
        "line_number": 35,
        "type": "Secret Keyword",
        "verified_result": null
      }
    ],
    "packages/gateway/src/gateway-api.test.ts": [
      {
        "hashed_secret": "dd1ea017bffb4745adcd57ba093003f9ec032d8a",
        "is_secret": false,
        "is_verified": false,
        "line_number": 190,
        "type": "Secret Keyword",
        "verified_result": null
      }
    ],
    "packages/gateway/src/gateway-api.ts": [
      {
        "hashed_secret": "6947818ac409551f11fbaa78f0ea6391960aa5b8",
        "is_secret": false,
        "is_verified": false,
        "line_number": 48,
        "type": "Secret Keyword",
        "verified_result": null
      }
    ],
    "packages/gateway/src/gateway-config.ts": [
      {
        "hashed_secret": "5100f0cffb3fca57c7a376f08207af456d11316f",
        "is_secret": false,
        "is_verified": false,
        "line_number": 76,
        "type": "Secret Keyword",
        "verified_result": null
      },
      {
        "hashed_secret": "b05e78255b92c87855a723762aa2fed581af9915",
        "is_secret": false,
        "is_verified": false,
        "line_number": 77,
        "type": "Secret Keyword",
        "verified_result": null
      }
    ],
    "packages/gateway/src/jolokia-agent/jolokia-agent.test.ts": [
      {
        "hashed_secret": "dd1ea017bffb4745adcd57ba093003f9ec032d8a",
        "is_secret": false,
        "is_verified": false,
        "line_number": 177,
        "type": "Secret Keyword",
        "verified_result": null
      }
    ],
    "packages/kubernetes-api-app/src/bootstrap-modules.ts": [
      {
        "hashed_secret": "1bcc59b324708cc856541522bd845c53a709d932",
        "is_secret": false,
        "is_verified": false,
        "line_number": 3,
        "type": "Secret Keyword",
        "verified_result": null
      },
      {
        "hashed_secret": "c2481f5fc8d8d596a71de678ed84403747a8f99c",
        "is_secret": false,
        "is_verified": false,
        "line_number": 17,
        "type": "Secret Keyword",
        "verified_result": null
      }
    ],
    "packages/kubernetes-api/package.json": [
      {
        "hashed_secret": "251ea8cdad7e1b0cce0d80448eeb24c4c138376b",
        "is_secret": false,
        "is_verified": false,
        "line_number": 31,
        "type": "Secret Keyword",
        "verified_result": null
      }
    ],
    "packages/management-api-app/src/bootstrap-modules.ts": [
      {
        "hashed_secret": "1bcc59b324708cc856541522bd845c53a709d932",
        "is_secret": false,
        "is_verified": false,
        "line_number": 3,
        "type": "Secret Keyword",
        "verified_result": null
      },
      {
        "hashed_secret": "c2481f5fc8d8d596a71de678ed84403747a8f99c",
        "is_secret": false,
        "is_verified": false,
        "line_number": 19,
        "type": "Secret Keyword",
        "verified_result": null
      }
    ],
    "packages/oauth-app/package.json": [
      {
        "hashed_secret": "251ea8cdad7e1b0cce0d80448eeb24c4c138376b",
        "is_secret": false,
        "is_verified": false,
        "line_number": 13,
        "type": "Secret Keyword",
        "verified_result": null
      }
    ],
    "packages/oauth-app/src/OAuth.tsx": [
      {
        "hashed_secret": "6d2de6de447d7ad74e6063055210ab70b90ef553",
        "is_secret": false,
        "is_verified": false,
        "line_number": 6,
        "type": "Secret Keyword",
        "verified_result": null
      }
    ],
    "packages/oauth-app/src/bootstrap-modules.ts": [
      {
        "hashed_secret": "1bcc59b324708cc856541522bd845c53a709d932",
        "is_secret": false,
        "is_verified": false,
        "line_number": 3,
        "type": "Secret Keyword",
        "verified_result": null
      },
      {
        "hashed_secret": "c2481f5fc8d8d596a71de678ed84403747a8f99c",
        "is_secret": false,
        "is_verified": false,
        "line_number": 12,
        "type": "Secret Keyword",
        "verified_result": null
      }
    ],
    "packages/oauth/src/form/form-service.ts": [
      {
        "hashed_secret": "809401f14c20f5e5a279a9efaa4c97436332a2a1",
        "is_secret": false,
        "is_verified": false,
        "line_number": 51,
        "type": "Secret Keyword",
        "verified_result": null
      }
    ],
    "packages/oauth/src/index.ts": [
      {
        "hashed_secret": "12933c0070f9280604ac93e02ee3d91c61afcb52",
        "is_secret": false,
        "is_verified": false,
        "line_number": 27,
        "type": "Secret Keyword",
        "verified_result": null
      }
    ],
    "packages/oauth/src/openshift/support.ts": [
      {
        "hashed_secret": "ac88922b5210858f30f9f5e4655519143d378059",
        "is_secret": false,
        "is_verified": false,
        "line_number": 80,
        "type": "Secret Keyword",
        "verified_result": null
      },
      {
        "hashed_secret": "809401f14c20f5e5a279a9efaa4c97436332a2a1",
        "is_secret": false,
        "is_verified": false,
        "line_number": 146,
        "type": "Secret Keyword",
        "verified_result": null
      }
    ],
    "packages/oauth/src/utils/https.ts": [
      {
        "hashed_secret": "45c43fe97e3a06ab078b0eeff6fbe622cc417a25",
        "is_secret": false,
        "is_verified": false,
        "line_number": 1,
        "type": "Secret Keyword",
        "verified_result": null
      }
    ],
    "packages/online-shell/package.json": [
      {
        "hashed_secret": "251ea8cdad7e1b0cce0d80448eeb24c4c138376b",
        "is_secret": false,
        "is_verified": false,
        "line_number": 39,
        "type": "Secret Keyword",
        "verified_result": null
      }
    ]
  },
  "version": "0.13.1+ibm.64.dss",
  "word_list": {
    "file": null,
    "hash": null
  }
}
